// Jest Snapshot v1, https://goo.gl/fbAQLP

exports[`Icon test render successfully 1`] = `
<svg
  className="bui-icon"
>
  <use
    xlinkHref="#wechat"
  />
</svg>
`;
