// Jest Snapshot v1, https://goo.gl/fbAQLP

exports[`Icon test render successfully 1`] = `
<i
  className="bui-icon"
>
  <svg>
    <use
      xlinkHref="#wechat"
    />
  </svg>
</i>
`;
